<?xml version="1.0" encoding="UTF-8"?>
<TestRun id="0a8a9d88-2d16-451f-88d4-a708742d780c" name="emanuel@DESK007 2015-09-11 14:28:14" runUser="CRONNUS\emanuel" xmlns="http://microsoft.com/schemas/VisualStudio/TeamTest/2010">
  <TestSettings name="Local" id="8ad6501e-6e20-41f6-8611-6279631e35c3">
    <Description>These are default test settings for a local test run.</Description>
    <Deployment enabled="false" runDeploymentRoot="emanuel_DESK007 2015-09-11 14_28_14">
      <DeploymentItem filename="C:\Users\emanuel\Documents\GitHub\AtualizaBase\TesteGitBase\TesteGitBase\bin\TesteGitBase.dll" />
    </Deployment>
    <Execution>
      <TestTypeSpecific />
      <AgentRule name="Execution Agents">
      </AgentRule>
    </Execution>
  </TestSettings>
  <Times creation="2015-09-11T14:28:14.7639234-03:00" queuing="2015-09-11T14:28:14.8099261-03:00" start="2015-09-11T14:28:14.8149264-03:00" finish="2015-09-11T14:28:15.2339503-03:00" />
  <ResultSummary outcome="Error">
    <Counters total="6" executed="6" error="2" failed="4" timeout="0" aborted="0" inconclusive="0" passedButRunAborted="0" notRunnable="0" notExecuted="0" disconnected="0" warning="0" passed="0" completed="0" inProgress="0" pending="0" />
    <RunInfos>
      <RunInfo computerName="DESK007" outcome="Warning" timestamp="2015-09-11T14:28:14.8099261-03:00">
        <Text>Deployment is currently disabled. The deployment item 'TesteGitBase.dll' on test 'TestProjectGitBase._DefaultTest.Page_LoadTest' was not deployed.</Text>
      </RunInfo>
    </RunInfos>
  </ResultSummary>
  <TestDefinitions>
    <UnitTest name="Page_LoadTest" storage="c:\users\emanuel\documents\github\atualizabase\testegitbase\testprojectgitbase\bin\debug\testprojectgitbase.dll" id="4090b425-6fa8-d52f-56a0-55764a18eaf0">
      <DeploymentItems>
        <DeploymentItem filename="TesteGitBase.dll" />
      </DeploymentItems>
      <Execution id="b9246448-2000-4adf-8e25-5530a825433a" />
      <TestMethod codeBase="C:/Users/emanuel/Documents/GitHub/AtualizaBase/TesteGitBase/TestProjectGitBase/bin/Debug/TestProjectGitBase.DLL" adapterTypeName="Microsoft.VisualStudio.TestTools.TestTypes.Unit.UnitTestAdapter, Microsoft.VisualStudio.QualityTools.Tips.UnitTest.Adapter, Version=10.0.0.0, Culture=neutral, PublicKeyToken=b03f5f7f11d50a3a" className="TestProjectGitBase._DefaultTest, TestProjectGitBase, Version=1.0.0.0, Culture=neutral, PublicKeyToken=null" name="Page_LoadTest" />
      <AspNet webSiteUrl="http://localhost:2855/">
        <Host pathToWebApp="C:\Users\emanuel\Documents\GitHub\AtualizaBase\TesteGitBase\TesteGitBase" webAppRoot="/" />
      </AspNet>
    </UnitTest>
    <UnitTest name="_DefaultConstructorTest" storage="c:\users\emanuel\documents\github\atualizabase\testegitbase\testprojectgitbase\bin\debug\testprojectgitbase.dll" id="fb25a13f-3b2b-0a0c-9a13-0752738746fb">
      <Execution id="20c20690-68fd-4cc2-9e53-2915e34d33bd" />
      <TestMethod codeBase="C:/Users/emanuel/Documents/GitHub/AtualizaBase/TesteGitBase/TestProjectGitBase/bin/Debug/TestProjectGitBase.DLL" adapterTypeName="Microsoft.VisualStudio.TestTools.TestTypes.Unit.UnitTestAdapter, Microsoft.VisualStudio.QualityTools.Tips.UnitTest.Adapter, Version=10.0.0.0, Culture=neutral, PublicKeyToken=b03f5f7f11d50a3a" className="TestProjectGitBase._DefaultTest, TestProjectGitBase, Version=1.0.0.0, Culture=neutral, PublicKeyToken=null" name="_DefaultConstructorTest" />
      <AspNet webSiteUrl="http://localhost:2855/">
        <Host pathToWebApp="C:\Users\emanuel\Documents\GitHub\AtualizaBase\TesteGitBase\TesteGitBase" webAppRoot="/" />
      </AspNet>
    </UnitTest>
    <UnitTest name="SomaTest" storage="c:\users\emanuel\documents\github\atualizabase\testegitbase\testprojectgitbase\bin\debug\testprojectgitbase.dll" id="371ec745-ddd5-cb6e-3e66-51cc2fdc4898">
      <Execution id="fe57adea-8b7e-48b2-aadc-5d69e90c9c9d" />
      <TestMethod codeBase="C:/Users/emanuel/Documents/GitHub/AtualizaBase/TesteGitBase/TestProjectGitBase/bin/Debug/TestProjectGitBase.DLL" adapterTypeName="Microsoft.VisualStudio.TestTools.TestTypes.Unit.UnitTestAdapter, Microsoft.VisualStudio.QualityTools.Tips.UnitTest.Adapter, Version=10.0.0.0, Culture=neutral, PublicKeyToken=b03f5f7f11d50a3a" className="TestProjectGitBase.Class1Test, TestProjectGitBase, Version=1.0.0.0, Culture=neutral, PublicKeyToken=null" name="SomaTest" />
      <AspNet>
        <Host pathToWebApp="C:\Users\emanuel\Documents\GitHub\AtualizaBase\TesteGitBase\TesteGitBase" webAppRoot="/" />
      </AspNet>
    </UnitTest>
    <UnitTest name="valorDoisTest" storage="c:\users\emanuel\documents\github\atualizabase\testegitbase\testprojectgitbase\bin\debug\testprojectgitbase.dll" id="1d9f81c7-34cd-243f-0d45-4dd2adc116ae">
      <DeploymentItems>
        <DeploymentItem filename="TesteGitBase.dll" />
      </DeploymentItems>
      <Execution id="f2d17d93-b547-471a-b657-27883a49084c" />
      <TestMethod codeBase="C:/Users/emanuel/Documents/GitHub/AtualizaBase/TesteGitBase/TestProjectGitBase/bin/Debug/TestProjectGitBase.DLL" adapterTypeName="Microsoft.VisualStudio.TestTools.TestTypes.Unit.UnitTestAdapter, Microsoft.VisualStudio.QualityTools.Tips.UnitTest.Adapter, Version=10.0.0.0, Culture=neutral, PublicKeyToken=b03f5f7f11d50a3a" className="TestProjectGitBase.Class1Test, TestProjectGitBase, Version=1.0.0.0, Culture=neutral, PublicKeyToken=null" name="valorDoisTest" />
      <AspNet>
        <Host pathToWebApp="C:\Users\emanuel\Documents\GitHub\AtualizaBase\TesteGitBase\TesteGitBase" webAppRoot="/" />
      </AspNet>
    </UnitTest>
    <UnitTest name="valorUmTest" storage="c:\users\emanuel\documents\github\atualizabase\testegitbase\testprojectgitbase\bin\debug\testprojectgitbase.dll" id="03bacf08-4ff0-c25e-7cc4-96d7c3017ec1">
      <DeploymentItems>
        <DeploymentItem filename="TesteGitBase.dll" />
      </DeploymentItems>
      <Execution id="337b6246-c8b7-4824-974c-f7998eedf33b" />
      <TestMethod codeBase="C:/Users/emanuel/Documents/GitHub/AtualizaBase/TesteGitBase/TestProjectGitBase/bin/Debug/TestProjectGitBase.DLL" adapterTypeName="Microsoft.VisualStudio.TestTools.TestTypes.Unit.UnitTestAdapter, Microsoft.VisualStudio.QualityTools.Tips.UnitTest.Adapter, Version=10.0.0.0, Culture=neutral, PublicKeyToken=b03f5f7f11d50a3a" className="TestProjectGitBase.Class1Test, TestProjectGitBase, Version=1.0.0.0, Culture=neutral, PublicKeyToken=null" name="valorUmTest" />
      <AspNet>
        <Host pathToWebApp="C:\Users\emanuel\Documents\GitHub\AtualizaBase\TesteGitBase\TesteGitBase" webAppRoot="/" />
      </AspNet>
    </UnitTest>
    <UnitTest name="Class1ConstructorTest" storage="c:\users\emanuel\documents\github\atualizabase\testegitbase\testprojectgitbase\bin\debug\testprojectgitbase.dll" id="87e9c074-17e6-8ed6-4023-5efd8b485db2">
      <Execution id="3a613327-44a6-44e4-8904-dc723d640e70" />
      <TestMethod codeBase="C:/Users/emanuel/Documents/GitHub/AtualizaBase/TesteGitBase/TestProjectGitBase/bin/Debug/TestProjectGitBase.DLL" adapterTypeName="Microsoft.VisualStudio.TestTools.TestTypes.Unit.UnitTestAdapter, Microsoft.VisualStudio.QualityTools.Tips.UnitTest.Adapter, Version=10.0.0.0, Culture=neutral, PublicKeyToken=b03f5f7f11d50a3a" className="TestProjectGitBase.Class1Test, TestProjectGitBase, Version=1.0.0.0, Culture=neutral, PublicKeyToken=null" name="Class1ConstructorTest" />
      <AspNet>
        <Host pathToWebApp="C:\Users\emanuel\Documents\GitHub\AtualizaBase\TesteGitBase\TesteGitBase" webAppRoot="/" />
      </AspNet>
    </UnitTest>
  </TestDefinitions>
  <TestLists>
    <TestList name="Results Not in a List" id="8c84fa94-04c1-424b-9868-57a2d4851a1d" />
    <TestList name="All Loaded Results" id="19431567-8539-422a-85d7-44ee4e166bda" />
  </TestLists>
  <TestEntries>
    <TestEntry testId="03bacf08-4ff0-c25e-7cc4-96d7c3017ec1" executionId="337b6246-c8b7-4824-974c-f7998eedf33b" testListId="8c84fa94-04c1-424b-9868-57a2d4851a1d" />
    <TestEntry testId="1d9f81c7-34cd-243f-0d45-4dd2adc116ae" executionId="f2d17d93-b547-471a-b657-27883a49084c" testListId="8c84fa94-04c1-424b-9868-57a2d4851a1d" />
    <TestEntry testId="371ec745-ddd5-cb6e-3e66-51cc2fdc4898" executionId="fe57adea-8b7e-48b2-aadc-5d69e90c9c9d" testListId="8c84fa94-04c1-424b-9868-57a2d4851a1d" />
    <TestEntry testId="4090b425-6fa8-d52f-56a0-55764a18eaf0" executionId="b9246448-2000-4adf-8e25-5530a825433a" testListId="8c84fa94-04c1-424b-9868-57a2d4851a1d" />
    <TestEntry testId="87e9c074-17e6-8ed6-4023-5efd8b485db2" executionId="3a613327-44a6-44e4-8904-dc723d640e70" testListId="8c84fa94-04c1-424b-9868-57a2d4851a1d" />
    <TestEntry testId="fb25a13f-3b2b-0a0c-9a13-0752738746fb" executionId="20c20690-68fd-4cc2-9e53-2915e34d33bd" testListId="8c84fa94-04c1-424b-9868-57a2d4851a1d" />
  </TestEntries>
  <Results>
    <UnitTestResult executionId="337b6246-c8b7-4824-974c-f7998eedf33b" testId="03bacf08-4ff0-c25e-7cc4-96d7c3017ec1" testName="valorUmTest" computerName="DESK007" startTime="2015-09-11T14:28:14.8289272-03:00" endTime="2015-09-11T14:28:14.9059316-03:00" testType="13cdc9d9-ddb5-4fa4-a97d-d965ccfc6d4b" outcome="Failed" testListId="8c84fa94-04c1-424b-9868-57a2d4851a1d" relativeResultsDirectory="337b6246-c8b7-4824-974c-f7998eedf33b">
      <Output>
        <ErrorInfo>
          <Message>The URL to test is not specified. Tests configured to run in ASP.NET must specify a valid URL.</Message>
        </ErrorInfo>
      </Output>
    </UnitTestResult>
    <UnitTestResult executionId="f2d17d93-b547-471a-b657-27883a49084c" testId="1d9f81c7-34cd-243f-0d45-4dd2adc116ae" testName="valorDoisTest" computerName="DESK007" startTime="2015-09-11T14:28:14.9139320-03:00" endTime="2015-09-11T14:28:14.9209324-03:00" testType="13cdc9d9-ddb5-4fa4-a97d-d965ccfc6d4b" outcome="Failed" testListId="8c84fa94-04c1-424b-9868-57a2d4851a1d" relativeResultsDirectory="f2d17d93-b547-471a-b657-27883a49084c">
      <Output>
        <ErrorInfo>
          <Message>The URL to test is not specified. Tests configured to run in ASP.NET must specify a valid URL.</Message>
        </ErrorInfo>
      </Output>
    </UnitTestResult>
    <UnitTestResult executionId="fe57adea-8b7e-48b2-aadc-5d69e90c9c9d" testId="371ec745-ddd5-cb6e-3e66-51cc2fdc4898" testName="SomaTest" computerName="DESK007" startTime="2015-09-11T14:28:14.9269328-03:00" endTime="2015-09-11T14:28:14.9269328-03:00" testType="13cdc9d9-ddb5-4fa4-a97d-d965ccfc6d4b" outcome="Failed" testListId="8c84fa94-04c1-424b-9868-57a2d4851a1d" relativeResultsDirectory="fe57adea-8b7e-48b2-aadc-5d69e90c9c9d">
      <Output>
        <ErrorInfo>
          <Message>The URL to test is not specified. Tests configured to run in ASP.NET must specify a valid URL.</Message>
        </ErrorInfo>
      </Output>
    </UnitTestResult>
    <UnitTestResult executionId="b9246448-2000-4adf-8e25-5530a825433a" testId="4090b425-6fa8-d52f-56a0-55764a18eaf0" testName="Page_LoadTest" computerName="DESK007" duration="00:00:00.0990056" startTime="2015-09-11T14:28:14.9359333-03:00" endTime="2015-09-11T14:28:15.0349389-03:00" testType="13cdc9d9-ddb5-4fa4-a97d-d965ccfc6d4b" testListId="8c84fa94-04c1-424b-9868-57a2d4851a1d" relativeResultsDirectory="b9246448-2000-4adf-8e25-5530a825433a">
      <Output>
        <ErrorInfo>
          <Message>The test adapter 'WebHostAdapter' threw an exception while running test 'Page_LoadTest'. The web site could not be configured correctly; getting ASP.NET process information failed. Requesting 'http://localhost:2855/VSEnterpriseHelper.axd' returned an error: O servidor remoto retornou um erro: (500) Erro Interno do Servidor.
O servidor remoto retornou um erro: (500) Erro Interno do Servidor.</Message>
        </ErrorInfo>
      </Output>
    </UnitTestResult>
    <UnitTestResult executionId="3a613327-44a6-44e4-8904-dc723d640e70" testId="87e9c074-17e6-8ed6-4023-5efd8b485db2" testName="Class1ConstructorTest" computerName="DESK007" startTime="2015-09-11T14:28:15.0479397-03:00" endTime="2015-09-11T14:28:15.0499398-03:00" testType="13cdc9d9-ddb5-4fa4-a97d-d965ccfc6d4b" outcome="Failed" testListId="8c84fa94-04c1-424b-9868-57a2d4851a1d" relativeResultsDirectory="3a613327-44a6-44e4-8904-dc723d640e70">
      <Output>
        <ErrorInfo>
          <Message>The URL to test is not specified. Tests configured to run in ASP.NET must specify a valid URL.</Message>
        </ErrorInfo>
      </Output>
    </UnitTestResult>
    <UnitTestResult executionId="20c20690-68fd-4cc2-9e53-2915e34d33bd" testId="fb25a13f-3b2b-0a0c-9a13-0752738746fb" testName="_DefaultConstructorTest" computerName="DESK007" duration="00:00:00.1120064" startTime="2015-09-11T14:28:15.0539400-03:00" endTime="2015-09-11T14:28:15.1659464-03:00" testType="13cdc9d9-ddb5-4fa4-a97d-d965ccfc6d4b" testListId="8c84fa94-04c1-424b-9868-57a2d4851a1d" relativeResultsDirectory="20c20690-68fd-4cc2-9e53-2915e34d33bd">
      <Output>
        <ErrorInfo>
          <Message>The test adapter 'WebHostAdapter' threw an exception while running test '_DefaultConstructorTest'. The web site could not be configured correctly; getting ASP.NET process information failed. Requesting 'http://localhost:2855/VSEnterpriseHelper.axd' returned an error: O servidor remoto retornou um erro: (500) Erro Interno do Servidor.
O servidor remoto retornou um erro: (500) Erro Interno do Servidor.</Message>
        </ErrorInfo>
      </Output>
    </UnitTestResult>
  </Results>
</TestRun>